// Jest Snapshot v1, https://goo.gl/fbAQLP

exports[`ThemedText renders correctly 1`] = `null`;
